../Core/Inc/Kalman.h:21:10:Init	16	static
../Core/Inc/Kalman.h:38:10:getAngle	32	static
../Core/Inc/Kalman.h:76:8:setAngle	24	static
../Core/Src/main.c:78:1:__io_putchar	16	static
../Core/Src/main.c:174:7:MPU6050_Init	32	static
../Core/Src/main.c:250:7:InitAll	8	static
../Core/Src/main.c:272:6:updateMPU6050	40	static
../Core/Src/main.c:294:6:updatePitchRoll	16	static
../Core/Src/main.c:308:6:Stepper_set_rpm	16	static
../Core/Src/main.c:313:6:stepper_half_drive	24	static
../Core/Src/main.c:368:6:stepper_step_angle	56	static
../Core/Src/main.c:396:5:read_us	16	static
../Core/Src/main.c:403:6:init_time	8	static
../Core/Src/main.c:408:6:calc_time	8	static
../Core/Src/main.c:415:6:delay	16	static
../Core/Src/main.c:427:5:main	32	static
../Core/Src/main.c:615:6:SystemClock_Config	88	static
../Core/Src/main.c:661:13:MX_ADC1_Init	24	static
../Core/Src/main.c:717:13:MX_I2C1_Init	8	static
../Core/Src/main.c:751:13:MX_TIM1_Init	32	static
../Core/Src/main.c:797:13:MX_TIM2_Init	32	static
../Core/Src/main.c:842:13:MX_TIM3_Init	32	static
../Core/Src/main.c:887:13:MX_USART2_UART_Init	8	static
../Core/Src/main.c:918:13:MX_DMA_Init	16	static
../Core/Src/main.c:936:13:MX_GPIO_Init	40	static
../Core/Src/main.c:1006:6:func	64	static
../Core/Src/main.c:1074:6:HAL_GPIO_EXTI_Callback	72	static
../Core/Src/main.c:1151:6:HAL_TIM_PeriodElapsedCallback	16	static
../Core/Src/main.c:1163:6:Error_Handler	4	static,ignoring_inline_asm
